
> client@0.1.0 build
> next build

Γû▓ Next.js 16.1.6 (Turbopack)
- Environments: .env.local

  Creating an optimized production build ...
npm : 
At line:1 char:1
+ npm run build > 
build_output.txt 2>&1
+ ~~~~~~~~~~~~~~~~~~~~~~~~~~~~~~~~
~~~~~
    + CategoryInfo          : Not 
   Specified: (:String) [], Remo  
  teException
    + FullyQualifiedErrorId : Nat 
   iveCommandError
 
> Build error occurred
Error: Turbopack build failed 
with 2 errors:
./app/verify-test/page.tsx:4:1
Export FirebaseOTP doesn't exist 
in target module
[0m [90m 2 |[39m
 [90m 3 |[39m [36mimport[39m 
[33mReact[39m [36mfrom[39m 
[32m"react"[39m[33m;[39m
[31m[1m>[22m[39m[90m 4 
|[39m [36mimport[39m { 
[33mFirebaseOTP[39m } 
[36mfrom[39m [32m"@/components/
Verification/FirebaseOTP"[39m[33
m;[39m
 [90m   |[39m [31m[1m^[22m[3
9m[31m[1m^[22m[39m[31m[1m^[
22m[39m[31m[1m^[22m[39m[31m
[1m^[22m[39m[31m[1m^[22m[39m
[31m[1m^[22m[39m[31m[1m^[22
m[39m[31m[1m^[22m[39m[31m[1
m^[22m[39m[31m[1m^[22m[39m[
31m[1m^[22m[39m[31m[1m^[22m
[39m[31m[1m^[22m[39m[31m[1m^
[22m[39m[31m[1m^[22m[39m[31
m[1m^[22m[39m[31m[1m^[22m[3
9m[31m[1m^[22m[39m[31m[1m^[
22m[39m[31m[1m^[22m[39m[31m
[1m^[22m[39m[31m[1m^[22m[39m
[31m[1m^[22m[39m[31m[1m^[22
m[39m[31m[1m^[22m[39m[31m[1
m^[22m[39m[31m[1m^[22m[39m[
31m[1m^[22m[39m[31m[1m^[22m
[39m[31m[1m^[22m[39m[31m[1m^
[22m[39m[31m[1m^[22m[39m[31
m[1m^[22m[39m[31m[1m^[22m[3
9m[31m[1m^[22m[39m[31m[1m^[
22m[39m[31m[1m^[22m[39m[31m
[1m^[22m[39m[31m[1m^[22m[39m
[31m[1m^[22m[39m[31m[1m^[22
m[39m[31m[1m^[22m[39m[31m[1
m^[22m[39m[31m[1m^[22m[39m[
31m[1m^[22m[39m[31m[1m^[22m
[39m[31m[1m^[22m[39m[31m[1m^
[22m[39m[31m[1m^[22m[39m[31
m[1m^[22m[39m[31m[1m^[22m[3
9m[31m[1m^[22m[39m[31m[1m^[
22m[39m[31m[1m^[22m[39m[31m
[1m^[22m[39m[31m[1m^[22m[39m
[31m[1m^[22m[39m[31m[1m^[22
m[39m[31m[1m^[22m[39m[31m[1
m^[22m[39m[31m[1m^[22m[39m[
31m[1m^[22m[39m[31m[1m^[22m
[39m[31m[1m^[22m[39m[31m[1m^
[22m[39m[31m[1m^[22m[39m[31
m[1m^[22m[39m
 [90m 5 |[39m [36mimport[39m 
{ [33mTruecaller[39m } 
[36mfrom[39m [32m"@/components/
Verification/Truecaller"[39m[33m
;[39m
 [90m 6 |[39m [36mimport[39m 
{ [33mCard[39m[33m,[39m 
[33mCardHeader[39m[33m,[39m 
[33mCardTitle[39m[33m,[39m [3
3mCardDescription[39m[33m,[39m 
[33mCardContent[39m } 
[36mfrom[39m [32m"@/components/
ui/card"[39m[33m;[39m
 [90m 7 |[39m [36mimport[39m 
{ [33mBadge[39m } 
[36mfrom[39m [32m"@/components/
ui/badge"[39m[33m;[39m[0m

The export FirebaseOTP was not 
found in module [project]/componen
ts/Verification/FirebaseOTP.tsx 
[app-client] (ecmascript).
The module has no exports at all.
All exports of the module are 
statically known (It doesn't have 
dynamic exports). So it's known 
statically that the requested 
export doesn't exist.

Import traces:
  Client Component Browser:
    ./app/verify-test/page.tsx 
[Client Component Browser]
    ./app/verify-test/page.tsx 
[Server Component]

  Client Component SSR:
    ./app/verify-test/page.tsx 
[Client Component SSR]
    ./app/verify-test/page.tsx 
[Server Component]


./app/verify-test/page.tsx:4:1
Export FirebaseOTP doesn't exist 
in target module
[0m [90m 2 |[39m
 [90m 3 |[39m [36mimport[39m 
[33mReact[39m [36mfrom[39m 
[32m"react"[39m[33m;[39m
[31m[1m>[22m[39m[90m 4 
|[39m [36mimport[39m { 
[33mFirebaseOTP[39m } 
[36mfrom[39m [32m"@/components/
Verification/FirebaseOTP"[39m[33
m;[39m
 [90m   |[39m [31m[1m^[22m[3
9m[31m[1m^[22m[39m[31m[1m^[
22m[39m[31m[1m^[22m[39m[31m
[1m^[22m[39m[31m[1m^[22m[39m
[31m[1m^[22m[39m[31m[1m^[22
m[39m[31m[1m^[22m[39m[31m[1
m^[22m[39m[31m[1m^[22m[39m[
31m[1m^[22m[39m[31m[1m^[22m
[39m[31m[1m^[22m[39m[31m[1m^
[22m[39m[31m[1m^[22m[39m[31
m[1m^[22m[39m[31m[1m^[22m[3
9m[31m[1m^[22m[39m[31m[1m^[
22m[39m[31m[1m^[22m[39m[31m
[1m^[22m[39m[31m[1m^[22m[39m
[31m[1m^[22m[39m[31m[1m^[22
m[39m[31m[1m^[22m[39m[31m[1
m^[22m[39m[31m[1m^[22m[39m[
31m[1m^[22m[39m[31m[1m^[22m
[39m[31m[1m^[22m[39m[31m[1m^
[22m[39m[31m[1m^[22m[39m[31
m[1m^[22m[39m[31m[1m^[22m[3
9m[31m[1m^[22m[39m[31m[1m^[
22m[39m[31m[1m^[22m[39m[31m
[1m^[22m[39m[31m[1m^[22m[39m
[31m[1m^[22m[39m[31m[1m^[22
m[39m[31m[1m^[22m[39m[31m[1
m^[22m[39m[31m[1m^[22m[39m[
31m[1m^[22m[39m[31m[1m^[22m
[39m[31m[1m^[22m[39m[31m[1m^
[22m[39m[31m[1m^[22m[39m[31
m[1m^[22m[39m[31m[1m^[22m[3
9m[31m[1m^[22m[39m[31m[1m^[
22m[39m[31m[1m^[22m[39m[31m
[1m^[22m[39m[31m[1m^[22m[39m
[31m[1m^[22m[39m[31m[1m^[22
m[39m[31m[1m^[22m[39m[31m[1
m^[22m[39m[31m[1m^[22m[39m[
31m[1m^[22m[39m[31m[1m^[22m
[39m[31m[1m^[22m[39m[31m[1m^
[22m[39m[31m[1m^[22m[39m[31
m[1m^[22m[39m
 [90m 5 |[39m [36mimport[39m 
{ [33mTruecaller[39m } 
[36mfrom[39m [32m"@/components/
Verification/Truecaller"[39m[33m
;[39m
 [90m 6 |[39m [36mimport[39m 
{ [33mCard[39m[33m,[39m 
[33mCardHeader[39m[33m,[39m 
[33mCardTitle[39m[33m,[39m [3
3mCardDescription[39m[33m,[39m 
[33mCardContent[39m } 
[36mfrom[39m [32m"@/components/
ui/card"[39m[33m;[39m
 [90m 7 |[39m [36mimport[39m 
{ [33mBadge[39m } 
[36mfrom[39m [32m"@/components/
ui/badge"[39m[33m;[39m[0m

The export FirebaseOTP was not 
found in module [project]/componen
ts/Verification/FirebaseOTP.tsx 
[app-ssr] (ecmascript).
The module has no exports at all.
All exports of the module are 
statically known (It doesn't have 
dynamic exports). So it's known 
statically that the requested 
export doesn't exist.

Import traces:
  Client Component Browser:
    ./app/verify-test/page.tsx 
[Client Component Browser]
    ./app/verify-test/page.tsx 
[Server Component]

  Client Component SSR:
    ./app/verify-test/page.tsx 
[Client Component SSR]
    ./app/verify-test/page.tsx 
[Server Component]


    at <unknown> 
(./app/verify-test/page.tsx:4:1)
    at <unknown> 
(./app/verify-test/page.tsx:4:1)
